// Jest Snapshot v1, https://goo.gl/fbAQLP

exports[`Question renders successfully 1`] = `
Object {
  "asFragment": [Function],
  "baseElement": <body>
    <div>
      <div
        class="MuiPaper-root MuiPaper-elevation MuiPaper-rounded MuiPaper-elevation1 MuiCard-root css-k7rbtc-MuiPaper-root-MuiCard-root"
      >
        <div
          class="MuiBox-root css-a0bgn9"
        >
          <div
            class="MuiAvatar-root MuiAvatar-circular css-3cjoc6-MuiAvatar-root"
          >
            <img
              class="MuiAvatar-img css-1pqm26d-MuiAvatar-img"
              src="https://www.svgrepo.com/show/119054/avatar.svg"
            />
          </div>
          <p
            class="MuiTypography-root MuiTypography-body1 css-1krkekw-MuiTypography-root"
          >
            mtsamis
          </p>
          <p
            class="MuiTypography-root MuiTypography-body1 css-guaezl-MuiTypography-root"
          >
            Sunday, Apr 30, 2017
          </p>
        </div>
        <h6
          class="MuiTypography-root MuiTypography-h6 css-5mf4hx-MuiTypography-root"
        >
          Would you rather...
        </h6>
        <p
          class="MuiTypography-root MuiTypography-body1 css-1tqac9q-MuiTypography-root"
        >
          deploy to production once every two weeks
        </p>
        <b>
          OR
        </b>
        <p
          class="MuiTypography-root MuiTypography-body1 css-100rmmz-MuiTypography-root"
        >
          deploy to production once every month
        </p>
        <div>
          <a
            href="/question/xj352vofupe1dqz9emx13r"
          >
            <button
              class="MuiButtonBase-root MuiButton-root MuiButton-contained MuiButton-containedPrimary MuiButton-sizeMedium MuiButton-containedSizeMedium MuiButton-root MuiButton-contained MuiButton-containedPrimary MuiButton-sizeMedium MuiButton-containedSizeMedium css-4pjbfc-MuiButtonBase-root-MuiButton-root"
              tabindex="0"
              type="button"
              value="xj352vofupe1dqz9emx13r"
            >
              View
              <span
                class="MuiTouchRipple-root css-8je8zh-MuiTouchRipple-root"
              />
            </button>
          </a>
        </div>
      </div>
    </div>
  </body>,
  "container": <div>
    <div
      class="MuiPaper-root MuiPaper-elevation MuiPaper-rounded MuiPaper-elevation1 MuiCard-root css-k7rbtc-MuiPaper-root-MuiCard-root"
    >
      <div
        class="MuiBox-root css-a0bgn9"
      >
        <div
          class="MuiAvatar-root MuiAvatar-circular css-3cjoc6-MuiAvatar-root"
        >
          <img
            class="MuiAvatar-img css-1pqm26d-MuiAvatar-img"
            src="https://www.svgrepo.com/show/119054/avatar.svg"
          />
        </div>
        <p
          class="MuiTypography-root MuiTypography-body1 css-1krkekw-MuiTypography-root"
        >
          mtsamis
        </p>
        <p
          class="MuiTypography-root MuiTypography-body1 css-guaezl-MuiTypography-root"
        >
          Sunday, Apr 30, 2017
        </p>
      </div>
      <h6
        class="MuiTypography-root MuiTypography-h6 css-5mf4hx-MuiTypography-root"
      >
        Would you rather...
      </h6>
      <p
        class="MuiTypography-root MuiTypography-body1 css-1tqac9q-MuiTypography-root"
      >
        deploy to production once every two weeks
      </p>
      <b>
        OR
      </b>
      <p
        class="MuiTypography-root MuiTypography-body1 css-100rmmz-MuiTypography-root"
      >
        deploy to production once every month
      </p>
      <div>
        <a
          href="/question/xj352vofupe1dqz9emx13r"
        >
          <button
            class="MuiButtonBase-root MuiButton-root MuiButton-contained MuiButton-containedPrimary MuiButton-sizeMedium MuiButton-containedSizeMedium MuiButton-root MuiButton-contained MuiButton-containedPrimary MuiButton-sizeMedium MuiButton-containedSizeMedium css-4pjbfc-MuiButtonBase-root-MuiButton-root"
            tabindex="0"
            type="button"
            value="xj352vofupe1dqz9emx13r"
          >
            View
            <span
              class="MuiTouchRipple-root css-8je8zh-MuiTouchRipple-root"
            />
          </button>
        </a>
      </div>
    </div>
  </div>,
  "debug": [Function],
  "findAllByAltText": [Function],
  "findAllByDisplayValue": [Function],
  "findAllByLabelText": [Function],
  "findAllByPlaceholderText": [Function],
  "findAllByRole": [Function],
  "findAllByTestId": [Function],
  "findAllByText": [Function],
  "findAllByTitle": [Function],
  "findByAltText": [Function],
  "findByDisplayValue": [Function],
  "findByLabelText": [Function],
  "findByPlaceholderText": [Function],
  "findByRole": [Function],
  "findByTestId": [Function],
  "findByText": [Function],
  "findByTitle": [Function],
  "getAllByAltText": [Function],
  "getAllByDisplayValue": [Function],
  "getAllByLabelText": [Function],
  "getAllByPlaceholderText": [Function],
  "getAllByRole": [Function],
  "getAllByTestId": [Function],
  "getAllByText": [Function],
  "getAllByTitle": [Function],
  "getByAltText": [Function],
  "getByDisplayValue": [Function],
  "getByLabelText": [Function],
  "getByPlaceholderText": [Function],
  "getByRole": [Function],
  "getByTestId": [Function],
  "getByText": [Function],
  "getByTitle": [Function],
  "queryAllByAltText": [Function],
  "queryAllByDisplayValue": [Function],
  "queryAllByLabelText": [Function],
  "queryAllByPlaceholderText": [Function],
  "queryAllByRole": [Function],
  "queryAllByTestId": [Function],
  "queryAllByText": [Function],
  "queryAllByTitle": [Function],
  "queryByAltText": [Function],
  "queryByDisplayValue": [Function],
  "queryByLabelText": [Function],
  "queryByPlaceholderText": [Function],
  "queryByRole": [Function],
  "queryByTestId": [Function],
  "queryByText": [Function],
  "queryByTitle": [Function],
  "rerender": [Function],
  "unmount": [Function],
}
`;
